[crowdytheme.com/html/info/info-demo/interior-designer/index.html]
[backblue.gif]
[fade.gif]
[index.html]
[crowdytheme.com/html/info/info-demo/assets/imgs/logo/favicon.png]
[crowdytheme.com/html/info/info-demo/assets/css/bootstrap.min.css]
[crowdytheme.com/html/info/info-demo/assets/css/all.min.css]
[crowdytheme.com/html/info/info-demo/assets/css/swiper-bundle.min.css]
[crowdytheme.com/html/info/info-demo/assets/css/progressbar.css]
[crowdytheme.com/html/info/info-demo/assets/css/meanmenu.min.css]
[crowdytheme.com/html/info/info-demo/assets/css/magnific-popup.css]
[crowdytheme.com/html/info/info-demo/assets/css/basictable.min.css]
[crowdytheme.com/html/info/info-demo/assets/css/master-interior-designer.css]
[crowdytheme.com/html/info/info-demo/interior-designer/index-2.html]
[crowdytheme.com/html/info/info-demo/assets/imgs/logo/site-logo-light.png]
[crowdytheme.com/html/info/info-demo/assets/imgs/logo/site-logo-dark.png]
[crowdytheme.com/html/info/info-demo/assets/imgs/thumb/gallery.jpg]
[crowdytheme.com/html/info/info-demo/assets/imgs/thumb/gallery-2.jpg]
[crowdytheme.com/html/info/info-demo/assets/imgs/thumb/gallery-3.jpg]
[crowdytheme.com/html/info/info-demo/assets/imgs/thumb/gallery-4.jpg]
[crowdytheme.com/html/info/info-demo/assets/imgs/thumb/gallery-5.jpg]
[crowdytheme.com/html/info/info-demo/assets/imgs/thumb/gallery-6.jpg]
[crowdytheme.com/html/info/info-demo/assets/imgs/interior-designer/logo.png]
[crowdytheme.com/html/info/info-demo/interior-designer/about.html]
[crowdytheme.com/html/info/info-demo/interior-designer/index-light.html]
[crowdytheme.com/html/info/info-demo/interior-designer/about-light.html]
[crowdytheme.com/html/info/info-demo/interior-designer/service.html]
[crowdytheme.com/html/info/info-demo/interior-designer/service-light.html]
[crowdytheme.com/html/info/info-demo/interior-designer/service-details.html]
[crowdytheme.com/html/info/info-demo/interior-designer/service-details-light.html]
[crowdytheme.com/html/info/info-demo/interior-designer/blog.html]
[crowdytheme.com/html/info/info-demo/interior-designer/blog-light.html]
[crowdytheme.com/html/info/info-demo/interior-designer/blog-details.html]
[crowdytheme.com/html/info/info-demo/interior-designer/blog-details-light.html]
[crowdytheme.com/html/info/info-demo/interior-designer/contact.html]
[crowdytheme.com/html/info/info-demo/interior-designer/contact-light.html]
[crowdytheme.com/html/info/info-demo/interior-designer/project.html]
[crowdytheme.com/html/info/info-demo/interior-designer/project-light.html]
[crowdytheme.com/html/info/info-demo/interior-designer/project-details.html]
[crowdytheme.com/html/info/info-demo/interior-designer/project-details-light.html]
[crowdytheme.com/html/info/info-demo/assets/imgs/interior-designer/bar-light.png]
[crowdytheme.com/html/info/info-demo/assets/imgs/interior-designer/hero-bg.jpg]
[crowdytheme.com/html/info/info-demo/assets/imgs/interior-designer/dot-bg.png]
[crowdytheme.com/html/info/info-demo/assets/imgs/interior-designer/about-thumb.jpg]
[crowdytheme.com/html/info/info-demo/assets/imgs/interior-designer/interior-studio-sticker.png]
[crowdytheme.com/html/info/info-demo/assets/imgs/interior-designer/interior-studio-sticker-light.png]
[crowdytheme.com/html/info/info-demo/assets/imgs/interior-designer/project-1.jpg]
[crowdytheme.com/html/info/info-demo/assets/imgs/interior-designer/project-3.jpg]
[crowdytheme.com/html/info/info-demo/assets/imgs/interior-designer/project-5.jpg]
[crowdytheme.com/html/info/info-demo/assets/imgs/interior-designer/project-2.jpg]
[crowdytheme.com/html/info/info-demo/assets/imgs/interior-designer/project-4.jpg]
[crowdytheme.com/html/info/info-demo/assets/imgs/interior-designer/project-6.jpg]
[crowdytheme.com/html/info/info-demo/assets/imgs/interior-designer/service-01.jpg]
[crowdytheme.com/html/info/info-demo/assets/imgs/interior-designer/service-02.jpg]
[crowdytheme.com/html/info/info-demo/assets/imgs/interior-designer/service-03.jpg]
[crowdytheme.com/html/info/info-demo/assets/imgs/interior-designer/service-04.jpg]
[crowdytheme.com/html/info/info-demo/assets/imgs/interior-designer/service-05.jpg]
[crowdytheme.com/html/info/info-demo/assets/imgs/interior-designer/award-badge.png]
[crowdytheme.com/html/info/info-demo/assets/imgs/interior-designer/award-badge-dark.png]
[crowdytheme.com/html/info/info-demo/assets/imgs/interior-designer/brand-01.png]
[crowdytheme.com/html/info/info-demo/assets/imgs/interior-designer/brand-01-dark.png]
[crowdytheme.com/html/info/info-demo/assets/imgs/interior-designer/brand-02.png]
[crowdytheme.com/html/info/info-demo/assets/imgs/interior-designer/brand-02-dark.png]
[crowdytheme.com/html/info/info-demo/assets/imgs/interior-designer/brand-03.png]
[crowdytheme.com/html/info/info-demo/assets/imgs/interior-designer/brand-03-dark.png]
[crowdytheme.com/html/info/info-demo/assets/imgs/interior-designer/brand-04.png]
[crowdytheme.com/html/info/info-demo/assets/imgs/interior-designer/brand-04-dark.png]
[crowdytheme.com/html/info/info-demo/assets/imgs/interior-designer/brand-05.png]
[crowdytheme.com/html/info/info-demo/assets/imgs/interior-designer/brand-05-dark.png]
[crowdytheme.com/html/info/info-demo/assets/imgs/interior-designer/brand-06.png]
[crowdytheme.com/html/info/info-demo/assets/imgs/interior-designer/brand-06-dark.png]
[crowdytheme.com/html/info/info-demo/assets/imgs/interior-designer/brand-07.png]
[crowdytheme.com/html/info/info-demo/assets/imgs/interior-designer/brand-07-dark.png]
[crowdytheme.com/html/info/info-demo/assets/imgs/interior-designer/brand-08.png]
[crowdytheme.com/html/info/info-demo/assets/imgs/interior-designer/brand-08-dark.png]
[crowdytheme.com/html/info/info-demo/assets/imgs/interior-designer/brand-09.png]
[crowdytheme.com/html/info/info-demo/assets/imgs/interior-designer/brand-09-dark.png]
[crowdytheme.com/html/info/info-demo/assets/imgs/interior-designer/brand-10.png]
[crowdytheme.com/html/info/info-demo/assets/imgs/interior-designer/brand-10-dark.png]
[crowdytheme.com/html/info/info-demo/assets/imgs/interior-designer/brand-11.png]
[crowdytheme.com/html/info/info-demo/assets/imgs/interior-designer/brand-11-dark.png]
[crowdytheme.com/html/info/info-demo/assets/imgs/interior-designer/brand-12.png]
[crowdytheme.com/html/info/info-demo/assets/imgs/interior-designer/brand-12-dark.png]
[crowdytheme.com/html/info/info-demo/assets/imgs/interior-designer/logo-dark.png]
[crowdytheme.com/html/info/info-demo/assets/imgs/interior-designer/arrow-up.png]
[crowdytheme.com/html/info/info-demo/assets/imgs/interior-designer/arrow-up-dark.png]
[crowdytheme.com/html/info/info-demo/assets/js/jquery-3.6.0.min.js]
[crowdytheme.com/html/info/info-demo/assets/js/bootstrap.bundle.min.js]
[crowdytheme.com/html/info/info-demo/assets/js/jquery.magnific-popup.min.js]
[crowdytheme.com/html/info/info-demo/assets/js/counter.js]
[crowdytheme.com/html/info/info-demo/assets/js/gsap.min.js]
[crowdytheme.com/html/info/info-demo/assets/js/ScrollSmoother.min.js]
[crowdytheme.com/html/info/info-demo/assets/js/ScrollToPlugin.min.js]
[crowdytheme.com/html/info/info-demo/assets/js/ScrollTrigger.min.js]
[crowdytheme.com/html/info/info-demo/assets/js/SplitText.min.js]
[crowdytheme.com/html/info/info-demo/assets/js/TweenMax.min.js]
[crowdytheme.com/html/info/info-demo/assets/js/jquery.meanmenu.min.js]
[crowdytheme.com/html/info/info-demo/assets/js/backToTop.js]
[crowdytheme.com/html/info/info-demo/assets/js/main.js]
[crowdytheme.com/html/info/info-demo/assets/js/error-handling.js]
[crowdytheme.com/html/info/info-demo/assets/js/offcanvas.js]
[crowdytheme.com/html/info/info-demo/interior-designer/index.html]
[crowdytheme.com/html/info/info-demo/assets/css/bootstrap.min.css]
[crowdytheme.com/html/info/info-demo/assets/css/all.min.css]
[crowdytheme.com/html/info/info-demo/assets/css/swiper-bundle.min.css]
[crowdytheme.com/html/info/info-demo/assets/js/wc-cursor.js]
[crowdytheme.com/html/info/info-demo/assets/css/animated-overlay.gif]
[crowdytheme.com/html/info/info-demo/assets/css/progressbar.css]
[crowdytheme.com/html/info/info-demo/assets/css/meanmenu.min.css]
[crowdytheme.com/html/info/info-demo/assets/css/magnific-popup.css]
[crowdytheme.com/html/info/info-demo/assets/css/basictable.min.css]
[crowdytheme.com/html/info/info-demo/assets/imgs/writer/body-bg.png]
[crowdytheme.com/html/info/info-demo/assets/imgs/hero/3-bg.png]
[crowdytheme.com/html/info/info-demo/assets/imgs/shape/2.png]
[crowdytheme.com/html/info/info-demo/assets/imgs/shape/dotted-line-light.png]
[crowdytheme.com/html/info/info-demo/assets/imgs/shape/circle-dot.png]
[crowdytheme.com/html/info/info-demo/assets/imgs/social-influence/shape.png]
[crowdytheme.com/html/info/info-demo/assets/imgs/electrician/check-mark.png]
[crowdytheme.com/html/info/info-demo/assets/imgs/inner/dancer/check-white.png]
[crowdytheme.com/html/info/info-demo/assets/imgs/inner/dancer/check-sign.png]
[crowdytheme.com/html/info/info-demo/assets/imgs/inner/photographer/photo-3.jpg]
[crowdytheme.com/html/info/info-demo/assets/imgs/social-influence/shape-5.png]
[crowdytheme.com/html/info/info-demo/assets/imgs/writer/go-top.png]
[crowdytheme.com/html/info/info-demo/assets/imgs/writer/go-top-light.png]
[raw.githubusercontent.com/robin-dela/css-mask-animation/master/img/nature-sprite.png]
[crowdytheme.com/html/info/info-demo/assets/imgs/writer/shape-4.png]
[crowdytheme.com/html/info/info-demo/assets/imgs/motivational-speaker/shape-3.png]
[crowdytheme.com/html/info/info-demo/assets/imgs/motivational-speaker/shape-4.png]
[crowdytheme.com/html/info/info-demo/assets/imgs/writer/start-dark.png]
[crowdytheme.com/html/info/info-demo/assets/imgs/icons/search.png]
[crowdytheme.com/html/info/info-demo/assets/imgs/content-creator/smile.png]
[crowdytheme.com/html/info/info-demo/assets/imgs/default-blog/breadcrumb-bg.jpg]
[crowdytheme.com/html/info/info-demo/assets/imgs/social-influence/arrow.png]
[crowdytheme.com/html/info/info-demo/assets/imgs/social-influence/shape-6.png]
[crowdytheme.com/html/info/info-demo/assets/css/master-interior-designer.css]
[crowdytheme.com/html/info/info-demo/interior-designer/index-2.html]
[crowdytheme.com/html/info/info-demo/assets/imgs/interior-designer/bar-dark.png]
[crowdytheme.com/html/info/info-demo/assets/imgs/interior-designer/about-thumb-1.jpg]
[crowdytheme.com/html/info/info-demo/assets/imgs/interior-designer/arrow-line.png]
[crowdytheme.com/html/info/info-demo/assets/imgs/interior-designer/interior-studio-about.png]
[crowdytheme.com/html/info/info-demo/assets/imgs/interior-designer/gallery-01.jpg]
[crowdytheme.com/html/info/info-demo/interior-designer/about.html]
[crowdytheme.com/html/info/info-demo/interior-designer/index-light.html]
[crowdytheme.com/html/info/info-demo/interior-designer/about-light.html]
[crowdytheme.com/html/info/info-demo/interior-designer/service.html]
[crowdytheme.com/html/info/info-demo/interior-designer/service-light.html]
[crowdytheme.com/html/info/info-demo/assets/imgs/interior-designer/service-details-1.jpg]
[crowdytheme.com/html/info/info-demo/assets/imgs/interior-designer/service-details-2.jpg]
[crowdytheme.com/html/info/info-demo/assets/imgs/interior-designer/service-details-3.jpg]
[crowdytheme.com/html/info/info-demo/assets/imgs/interior-designer/service-details-4.jpg]
[crowdytheme.com/html/info/info-demo/assets/imgs/interior-designer/service-details-5.jpg]
[crowdytheme.com/html/info/info-demo/interior-designer/service-details.html]
[crowdytheme.com/html/info/info-demo/interior-designer/service-details-light.html]
[crowdytheme.com/html/info/info-demo/assets/imgs/interior-designer/blog-1.jpg]
[crowdytheme.com/html/info/info-demo/assets/imgs/interior-designer/blog-2.jpg]
[crowdytheme.com/html/info/info-demo/assets/imgs/interior-designer/blog-3.jpg]
[crowdytheme.com/html/info/info-demo/assets/imgs/interior-designer/blog-4.jpg]
[crowdytheme.com/html/info/info-demo/assets/imgs/interior-designer/blog-5.jpg]
[crowdytheme.com/html/info/info-demo/assets/imgs/interior-designer/blog-6.jpg]
[crowdytheme.com/html/info/info-demo/interior-designer/blog.html]
[crowdytheme.com/html/info/info-demo/interior-designer/blog-light.html]
[crowdytheme.com/html/info/info-demo/assets/imgs/interior-designer/blog-details-1.jpg]
[crowdytheme.com/html/info/info-demo/assets/imgs/inner/dancer/quote.png]
[crowdytheme.com/html/info/info-demo/assets/imgs/interior-designer/blog-d-1.jpg]
[crowdytheme.com/html/info/info-demo/interior-designer/blog-details.html]
[crowdytheme.com/html/info/info-demo/interior-designer/blog-details-light.html]
[crowdytheme.com/html/info/info-demo/interior-designer/contact.html]
[crowdytheme.com/html/info/info-demo/interior-designer/contact-light.html]
[crowdytheme.com/html/info/info-demo/interior-designer/project.html]
[crowdytheme.com/html/info/info-demo/interior-designer/project-light.html]
[crowdytheme.com/html/info/info-demo/assets/imgs/interior-designer/project-details-1.jpg]
[crowdytheme.com/html/info/info-demo/assets/imgs/interior-designer/project-details-2.jpg]
[crowdytheme.com/html/info/info-demo/assets/imgs/interior-designer/project-details-3.jpg]
[crowdytheme.com/html/info/info-demo/assets/imgs/interior-designer/project-details-4.jpg]
[crowdytheme.com/html/info/info-demo/assets/imgs/interior-designer/project-details-5.jpg]
[crowdytheme.com/html/info/info-demo/assets/imgs/interior-designer/project-details-6.jpg]
[crowdytheme.com/html/info/info-demo/interior-designer/project-details.html]
[crowdytheme.com/html/info/info-demo/interior-designer/project-details-light.html]
[crowdytheme.com/html/info/info-demo/assets/js/jquery-3.6.0.min.js]
[crowdytheme.com/html/info/info-demo/assets/js/bootstrap.bundle.min.js]
[crowdytheme.com/html/info/info-demo/assets/js/jquery.magnific-popup.min.js]
[crowdytheme.com/html/info/info-demo/assets/js/counter.js]
[crowdytheme.com/html/info/info-demo/assets/js/gsap.min.js]
[crowdytheme.com/html/info/info-demo/assets/js/ScrollSmoother.min.js]
[crowdytheme.com/html/info/info-demo/assets/js/ScrollToPlugin.min.js]
[crowdytheme.com/html/info/info-demo/assets/js/ScrollTrigger.min.js]
[crowdytheme.com/html/info/info-demo/assets/js/SplitText.min.js]
[crowdytheme.com/html/info/info-demo/assets/js/TweenMax.min.js]
[crowdytheme.com/html/info/info-demo/assets/js/jquery.meanmenu.min.js]
[crowdytheme.com/html/info/info-demo/assets/js/backToTop.js]
[crowdytheme.com/html/info/info-demo/assets/js/main.js]
[crowdytheme.com/html/info/info-demo/assets/js/error-handling.js]
[crowdytheme.com/html/info/info-demo/assets/js/offcanvas.js]
[crowdytheme.com/html/info/info-demo/interior-designer/Version/index.html]
[crowdytheme.com/html/info/info-demo/interior-designer/12/30/index.html]
[crowdytheme.com/html/info/info-demo/interior-designer/src/js/index.93.delayed]
[crowdytheme.com/html/info/info-demo/interior-designer/node_modules/gsap/gsap-core.js]
[crowdytheme.com/html/info/info-demo/interior-designer/node_modules/gsap/CSSPlugin.js]
[crowdytheme.com/html/info/info-demo/interior-designer/true/index.html]
[crowdytheme.com/html/info/info-demo/interior-designer/node_modules/jquery/dist/jquery.js]
[crowdytheme.com/html/info/info-demo/interior-designer/node_modules/gsap/index.js]
[crowdytheme.com/html/info/info-demo/interior-designer/src/js/cursor.js]
[crowdytheme.com/html/info/info-demo/interior-designer/src/js/magnetic.js]
[crowdytheme.com/html/info/info-demo/assets/js/wc-cursor.js]
[crowdytheme.com/html/info/info-demo/assets/css/animated-overlay.html]
[crowdytheme.com/html/info/info-demo/interior-designer/Version/index.html]
[crowdytheme.com/html/info/info-demo/interior-designer/12/30/index.html]
[crowdytheme.com/html/info/info-demo/interior-designer/src/js/index.html]
[crowdytheme.com/html/info/info-demo/interior-designer/node_modules/gsap/gsap-core.html]
[crowdytheme.com/html/info/info-demo/interior-designer/node_modules/gsap/CSSPlugin.html]
[crowdytheme.com/html/info/info-demo/interior-designer/true/index.html]
[crowdytheme.com/html/info/info-demo/interior-designer/node_modules/jquery/dist/jquery.html]
[crowdytheme.com/html/info/info-demo/interior-designer/node_modules/gsap/index.html]
[crowdytheme.com/html/info/info-demo/interior-designer/src/js/cursor.html]
[crowdytheme.com/html/info/info-demo/interior-designer/src/js/magnetic.html]
